// Jest Snapshot v1, https://goo.gl/fbAQLP

exports[`it should add new item 1`] = `
<DocumentFragment>
  <div>
    <h3>
      Todo List
    </h3>
    <form>
      <label
        for="todo"
      >
        todo
      </label>
      <input
        name="todo"
        type="text"
        value=""
      />
      <p />
      <button>
        Add Todo
      </button>
    </form>
    <div>
      <ul>
        <li />
      </ul>
    </div>
  </div>
</DocumentFragment>
`;

exports[`matches snapshot 1`] = `
<DocumentFragment>
  <div>
    <h3>
      Todo List
    </h3>
    <form>
      <label
        for="todo"
      >
        todo
      </label>
      <input
        name="todo"
        type="text"
        value=""
      />
      <p />
      <button>
        Add Todo
      </button>
    </form>
    <div>
      <ul>
        <li />
      </ul>
    </div>
  </div>
</DocumentFragment>
`;
